// Jest Snapshot v1, https://goo.gl/fbAQLP

exports[`Functional Testing numberToggle NumberToggle renders correctly 1`] = `
<View
  style={
    Object {
      "flexDirection": "row",
      "width": 280,
    }
  }
>
  <View
    accessible={true}
    focusable={true}
    onClick={[Function]}
    onResponderGrant={[Function]}
    onResponderMove={[Function]}
    onResponderRelease={[Function]}
    onResponderTerminate={[Function]}
    onResponderTerminationRequest={[Function]}
    onStartShouldSetResponder={[Function]}
    style={
      Object {
        "alignItems": "center",
        "backgroundColor": "black",
        "borderColor": "orange",
        "borderRadius": 10,
        "borderWidth": 1,
        "flex": 1,
        "justifyContent": "center",
        "marginRight": 8,
        "opacity": 1,
      }
    }
  >
    <Text
      style={
        Object {
          "color": "white",
          "fontSize": 24,
        }
      }
    >
      -
    </Text>
  </View>
  <TextInput
    allowFontScaling={true}
    keyboardType="number-pad"
    onChangeText={[Function]}
    rejectResponderTermination={true}
    style={
      Array [
        Object {
          "backgroundColor": "white",
          "borderColor": "orange",
          "borderRadius": 10,
          "borderWidth": 1,
          "flex": 3,
          "padding": 10,
          "width": 280,
        },
      ]
    }
    underlineColorAndroid="transparent"
    value="5"
  />
  <View
    accessible={true}
    focusable={true}
    onClick={[Function]}
    onResponderGrant={[Function]}
    onResponderMove={[Function]}
    onResponderRelease={[Function]}
    onResponderTerminate={[Function]}
    onResponderTerminationRequest={[Function]}
    onStartShouldSetResponder={[Function]}
    style={
      Object {
        "alignItems": "center",
        "backgroundColor": "black",
        "borderColor": "orange",
        "borderRadius": 10,
        "borderWidth": 1,
        "flex": 1,
        "justifyContent": "center",
        "marginLeft": 8,
        "opacity": 1,
      }
    }
  >
    <Text
      style={
        Object {
          "color": "white",
          "fontSize": 24,
        }
      }
    >
      +
    </Text>
  </View>
</View>
`;
